// Jest Snapshot v1, https://goo.gl/fbAQLP

exports[`<HomeScreen /> Home Screen has a title called Home Screen 1`] = `
Array [
  "/",
  <View
    style={
      Array [
        Object {
          "alignItems": "center",
          "backgroundColor": 0,
          "flexBasis": 0,
          "flexGrow": 1,
          "flexShrink": 1,
          "height": "100%",
          "justifyContent": "center",
          "paddingTop": 60,
          "width": "100%",
        },
      ]
    }
  >
    <Text
      style={
        Array [
          Object {
            "color": "white",
            "fontSize": 24,
          },
        ]
      }
      testID="home-screen-title"
    >
      Home Screen
    </Text>
    <View
      accessible={true}
      focusable={true}
      onClick={[Function]}
      onResponderGrant={[Function]}
      onResponderMove={[Function]}
      onResponderRelease={[Function]}
      onResponderTerminate={[Function]}
      onResponderTerminationRequest={[Function]}
      onStartShouldSetResponder={[Function]}
      style={
        Object {
          "backgroundColor": "white",
          "opacity": 1,
          "paddingBottom": 8,
          "paddingLeft": 8,
          "paddingRight": 8,
          "paddingTop": 8,
          "width": "100%",
        }
      }
      testID="go-to-profile-button"
    >
      <Text
        style={
          Array [
            Object {
              "color": "black",
              "fontSize": 18,
              "textAlign": "center",
            },
          ]
        }
      >
        See Profile
      </Text>
    </View>
    <View
      accessible={true}
      focusable={true}
      onClick={[Function]}
      onResponderGrant={[Function]}
      onResponderMove={[Function]}
      onResponderRelease={[Function]}
      onResponderTerminate={[Function]}
      onResponderTerminationRequest={[Function]}
      onStartShouldSetResponder={[Function]}
      style={
        Object {
          "backgroundColor": "white",
          "marginTop": 12,
          "opacity": 1,
          "paddingBottom": 8,
          "paddingLeft": 8,
          "paddingRight": 8,
          "paddingTop": 8,
          "width": "100%",
        }
      }
    >
      <Text
        style={
          Array [
            Object {
              "color": "black",
              "fontSize": 18,
              "textAlign": "center",
            },
          ]
        }
      >
        Sign out
      </Text>
    </View>
  </View>,
]
`;
